





                                  ****
                                *      *
                               *        *
                               *  N A S T R A N
                               *        *
                                *      *
                                  ****


                             SUN COMPUTER SYSTEMS    
                                SOLARIS VERSION

                          SYSTEM RELEASE -  1995 ED.

                                DISTRIBUTED BY

         COMPUTER SOFTWARE MANAGEMENT AND INFORMATION CENTER (COSMIC)
                 UNIVERSITY OF GEORGIA, ATHENS, GEORGIA 30602
                 PHONE: (706)542-3265      FAX: (706)542-4807
1                                                                           /    95 SUN SOLARIS NASTRAN    / NOV 22, ** / PAGE     2
                                                                                                                                    
0                                                                                                                                   
                                                                                                         
                                                                                                         
                         INSTALLATION CENTER USER INFORMATION GIVEN IN THIS SECTION                      
                                                                                                         
                                     *********************************************                       
                                     *                                           *                       
                                     *  PLEASE READ THE COMMENT IN DEMO PROBLEM  *                       
                                     *  D01002A ABOUT SYSTEM TIMING CONSTANTS    *                       
                                     *                                           *                       
                                     *********************************************                       
                                                                                                         
                         ===X=    TOP OF PAGE REQUEST IF 'X' IS REPLACED BY '='                          
                                                                                                         
1                                                                           /    95 SUN SOLARIS NASTRAN    / NOV 22, ** / PAGE     3
                                                                                                                                    
0                                                                                                                                   
0*** USER INFORMATION MESSAGE 225, GINO TIME CONSTANTS ARE BEING COMPUTED
     (SEE NASINFO FILE FOR ELIMINATION OF THESE COMPUTATIONS)
1                                                                           /    95 SUN SOLARIS NASTRAN    / NOV 22, ** / PAGE     4
                                                                                                                                    
0        N A S T R A N    E X E C U T I V E    C O N T R O L    D E C K    E C H O                                                  
0                                                                                                                                   
                                                                                                                                    
                                                                                                                                    
     ID       BEAM_CASE,NASTRAN                                                      
     APP      DISPLACEMENT                                                           
     SOL      1,1                                                                    
     TIME     5                                                                      
     DIAG     8                                                                      
     ALTER    85 $                                                                   
     OUTPUT2  KGG,KLL,,,//0/11 $                                                     
     ENDALTER $                                                                      
     CEND                                                                            
1     CANTILEVER BEAM WITH MATRIX EXPORT (L=1.0m, 10 ELMTS)                 /    95 SUN SOLARIS NASTRAN    / NOV 22, ** / PAGE     5
      NASTRAN DEMONSTRATION PROBLEM NO. D01-01-3A                                                                                   
0     LOAD ON TRAILING EDGE                                                                                                         
0                                        C A S E    C O N T R O L   D E C K   E C H O                                               
                 CARD                                                                                                               
                 COUNT                                                                                                              
                  1      $                                                                               
                  2      $ --- Case Control Deck ---                                                     
                  3      $                                                                               
                  4      TITLE    = CANTILEVER BEAM WITH MATRIX EXPORT (L=1.0m, 10 ELMTS)                
                  5      SUBTITLE = NASTRAN DEMONSTRATION PROBLEM NO. D01-01-3A                          
                  6      LABEL    = LOAD ON TRAILING EDGE                                                
                  7           SPC = 1                                                                    
                  8          LOAD = 3                                                                    
                  9      OUTPUT                                                                          
                 10              SET 1 = 1 THRU 11                                                       
                 11         DISPLACEMENTS = ALL                                                          
                 12      BEGIN BULK                                                                      


                        (NO. OF UNSORTED BULK DATA CARDS READ =    52, INCLUDING   0 COMMENT CARDS)
0*** USER INFORMATION MESSAGE 207, BULK DATA DECK IS NOT SORTED. NASTRAN WILL RE-ORDER THE INPUT DECK.
1     CANTILEVER BEAM WITH MATRIX EXPORT (L=1.0m, 10 ELMTS)                 /    95 SUN SOLARIS NASTRAN    / NOV 22, ** / PAGE     6
      NASTRAN DEMONSTRATION PROBLEM NO. D01-01-3A                                                                                   
0     LOAD ON TRAILING EDGE                                                                                                         
0                                                 S O R T E D   B U L K    D A T A    E C H O                                       
                     CARD                                                                                                           
                     COUNT        ---1--- +++2+++ ---3--- +++4+++ ---5--- +++6+++ ---7--- +++8+++ ---9--- +++10+++                  
                    1-        CBAR    1       1       1       2       0.0     1.0     0.0                     
                    2-        CBAR    2       1       2       3       0.0     1.0     0.0                     
                    3-        CBAR    3       1       3       4       0.0     1.0     0.0                     
                    4-        CBAR    4       1       4       5       0.0     1.0     0.0                     
                    5-        CBAR    5       1       5       6       0.0     1.0     0.0                     
                    6-        CBAR    6       1       6       7       0.0     1.0     0.0                     
                    7-        CBAR    7       1       7       8       0.0     1.0     0.0                     
                    8-        CBAR    8       1       8       9       0.0     1.0     0.0                     
                    9-        CBAR    9       1       9       10      0.0     1.0     0.0                     
                   10-        CBAR    10      1       10      11      0.0     1.0     0.0                     
                   11-        FORCE   2       11      0       500.0   0.0     1.0     0.0                     
                   12-        FORCE   3       11      0       500.0   0.0     0.0     1.0                     
                   13-        GRID    1               0.0     0.0     0.0                                     
                   14-        GRID    2               0.1     0.0     0.0                                     
                   15-        GRID    3               0.2     0.0     0.0                                     
                   16-        GRID    4               0.3     0.0     0.0                                     
                   17-        GRID    5               0.4     0.0     0.0                                     
                   18-        GRID    6               0.5     0.0     0.0                                     
                   19-        GRID    7               0.6     0.0     0.0                                     
                   20-        GRID    8               0.7     0.0     0.0                                     
                   21-        GRID    9               0.8     0.0     0.0                                     
                   22-        GRID    10              0.9     0.0     0.0                                     
                   23-        GRID    11              1.0     0.0     0.0                                     
                   24-        MAT1    1       2.0E11          0.3     7850.0                                  
                   25-        PBAR    1       1       1.0E-4  1.0E-8  1.0E-8  1.0E-8  1.0E-8                  
                   26-        SPC     1       1       123456  0.0                                             
                              ENDDATA
0*** USER INFORMATION MESSAGE -  GRID-POINT RESEQUENCING PROCESSOR BANDIT IS NOT USED DUE TO
     SMALL PROBLEM SIZE
0          **NO ERRORS FOUND - EXECUTE NASTRAN PROGRAM**
0*** USER INFORMATION MESSAGE 238, TURN DIAG 38 ON FOR ADDITIONAL ELEMENT PROCESSING INFORMATION

1     CANTILEVER BEAM WITH MATRIX EXPORT (L=1.0m, 10 ELMTS)                 /    95 SUN SOLARIS NASTRAN    / NOV 22, ** / PAGE     7
      NASTRAN DEMONSTRATION PROBLEM NO. D01-01-3A                                                                                   

      LOAD ON TRAILING EDGE                                                                                                         




0*** USER INFORMATION MESSAGE 3113,
     EMG MODULE PROCESSING DOUBLE PRECISION BAR      ELEMENTS (ELEMENT TYPE  34) STARTING WITH ID        1
0*** USER INFORMATION MESSAGE 4114, MATRIX DATA BLOCK KGG      WRITTEN ON FORTRAN UNIT  11
     TRAILR =    66    66     6     2    12      693
0*** USER INFORMATION MESSAGE 4114, MATRIX DATA BLOCK KLL      WRITTEN ON FORTRAN UNIT  11
     TRAILR =    60    60     6     2    12      755
0*** USER INFORMATION MESSAGE 3035
     FOR SUBCASE NUMBER     1, EPSILON SUB E =  -3.7707784E-13
0*** SYSTEM WARNING MESSAGE 3022
+                                 (SEE PROG. MANUAL SEC. 4.9.7, OR USERS' MANUAL P. 6.5-3)
     DATA BLOCK ONRGY1   MAY BE REQUIRED AS INPUT AND IS NOT OUTPUT BY A PREVIOUS MODULE IN THE CURRENT DMAP ROUTE.
1     CANTILEVER BEAM WITH MATRIX EXPORT (L=1.0m, 10 ELMTS)                 /    95 SUN SOLARIS NASTRAN    / NOV 22, ** / PAGE     8
      NASTRAN DEMONSTRATION PROBLEM NO. D01-01-3A                                                                                   
0     LOAD ON TRAILING EDGE                                                                                                         
 
                                             D I S P L A C E M E N T   V E C T O R
 
      POINT ID.   TYPE          T1             T2             T3             R1             R2             R3
             1      G      0.0            0.0            0.0            0.0            0.0            0.0                           
             2      G      0.0            0.0            1.208333E-03   0.0           -2.375000E-02   0.0                           
             3      G      0.0            0.0            4.666667E-03   0.0           -4.500000E-02   0.0                           
             4      G      0.0            0.0            1.012500E-02   0.0           -6.375001E-02   0.0                           
             5      G      0.0            0.0            1.733333E-02   0.0           -8.000001E-02   0.0                           
             6      G      0.0            0.0            2.604167E-02   0.0           -9.375000E-02   0.0                           
             7      G      0.0            0.0            3.600000E-02   0.0           -1.050000E-01   0.0                           
             8      G      0.0            0.0            4.695833E-02   0.0           -1.137500E-01   0.0                           
             9      G      0.0            0.0            5.866667E-02   0.0           -1.200000E-01   0.0                           
            10      G      0.0            0.0            7.087500E-02   0.0           -1.237500E-01   0.0                           
            11      G      0.0            0.0            8.333334E-02   0.0           -1.250000E-01   0.0                           
1     CANTILEVER BEAM WITH MATRIX EXPORT (L=1.0m, 10 ELMTS)                 /    95 SUN SOLARIS NASTRAN    / NOV 22, ** / PAGE     9
      NASTRAN DEMONSTRATION PROBLEM NO. D01-01-3A                                                                                   

      LOAD ON TRAILING EDGE                                                                                                         




0*** SYSTEM WARNING MESSAGE 3022
+                                 (SEE PROG. MANUAL SEC. 4.9.7, OR USERS' MANUAL P. 6.5-3)
     DATA BLOCK ONRGY1   MAY BE REQUIRED AS INPUT AND IS NOT OUTPUT BY A PREVIOUS MODULE IN THE CURRENT DMAP ROUTE.




                                        * * * END OF JOB * * *
1
 JOB TITLE =  CANTILEVER BEAM WITH MATRIX EXPORT (L=1.0m, 10 ELMTS)              
 DATE: 11/22/**
 END TIME:  1:13:19
 TOTAL WALL CLOCK TIME      0 SEC.
 
